{"level":"INFO","message":"[11:51:22.641 PM]: Creating new connection object"}
{"level":"INFO","message":"[11:51:22.652 PM]: Creating Connection[id: e54f2f7b-38b2-4b2a-b99e-d8b35d91da40] with host: instacart-instacart.snowflakecomputing.com, account: instacart-instacart, accessUrl: https://instacart-instacart.snowflakecomputing.com, user: FRANKSU, role: IC_ENG_ROLE, database: undefined, schema: undefined, warehouse: DEVELOPER_WH, proxy was not configured, password is not provided, region: undefined, authenticator: SNOWFLAKE_JWT, ocsp mode: FAIL_OPEN, os: darwin, os version: 25.2.0"}
{"level":"INFO","message":"[11:51:22.653 PM]: Connection[id: e54f2f7b-38b2-4b2a-b99e-d8b35d91da40] additional details: passcode in password is provided, passcode is not provided, private key is not provided, application: ids-nextjs-medusa-fallback-test, client name: snowflake-sdk, client version: 2.3.5, retry timeout: 300, private key path: /Users/frank/.ssh/rsa_key.pem, private key pass is not provided, client store temporary credential: false, browser response timeout: 120000"}
{"level":"INFO","message":"[11:51:22.653 PM]: Connection[id: e54f2f7b-38b2-4b2a-b99e-d8b35d91da40] - connection object created successfully."}
{"level":"INFO","message":"[11:51:22.653 PM]: Connection[id: e54f2f7b-38b2-4b2a-b99e-d8b35d91da40] - connecting. Associated Snowflake domain: GLOBAL"}
{"level":"INFO","message":"[11:51:22.660 PM]: Connection[id: e54f2f7b-38b2-4b2a-b99e-d8b35d91da40] - authentication successful using: SNOWFLAKE_JWT"}
{"level":"INFO","message":"[11:51:22.660 PM]: Trying to initialize Easy Logging"}
{"level":"INFO","message":"[11:51:22.663 PM]: No client config detected."}
{"level":"INFO","message":"[11:51:22.663 PM]: No config file path found. Client config will not be used."}
{"level":"INFO","message":"[11:51:22.664 PM]: Easy Logging is disabled as no config has been found"}
{"level":"ERROR","message":"[11:51:24.055 PM]: Connection[id: e54f2f7b-38b2-4b2a-b99e-d8b35d91da40] - connection failed after 1394.81 milliseconds. Error: JWT token is invalid. [b37e274f-3088-46ee-af72-2625b2703ab6]"}
{"level":"INFO","message":"[11:55:05.544 PM]: Creating new connection object"}
{"level":"INFO","message":"[11:55:05.548 PM]: Creating Connection[id: 4e691239-1589-454f-bf5d-12497a74ba0b] with host: INSTACART-INSTACART.snowflakecomputing.com, account: INSTACART-INSTACART, accessUrl: https://INSTACART-INSTACART.snowflakecomputing.com, user: FRANKSU, role: IC_ENG_ROLE, database: INSTADATA, schema: undefined, warehouse: DEVELOPER_WH, proxy was not configured, password is not provided, region: undefined, authenticator: SNOWFLAKE_JWT, ocsp mode: FAIL_OPEN, os: darwin, os version: 25.2.0"}
{"level":"INFO","message":"[11:55:05.549 PM]: Connection[id: 4e691239-1589-454f-bf5d-12497a74ba0b] additional details: passcode in password is provided, passcode is not provided, private key is provided, application: ids-nextjs-medusa-insights, client name: snowflake-sdk, client version: 2.3.5, retry timeout: 300, private key path: undefined, private key pass is not provided, client store temporary credential: false, browser response timeout: 120000"}
{"level":"INFO","message":"[11:55:05.550 PM]: Connection[id: 4e691239-1589-454f-bf5d-12497a74ba0b] - connection object created successfully."}
{"level":"INFO","message":"[11:55:05.550 PM]: Connection[id: 4e691239-1589-454f-bf5d-12497a74ba0b] - connecting. Associated Snowflake domain: GLOBAL"}
{"level":"INFO","message":"[11:55:05.556 PM]: Connection[id: 4e691239-1589-454f-bf5d-12497a74ba0b] - authentication successful using: SNOWFLAKE_JWT"}
{"level":"INFO","message":"[11:55:05.556 PM]: Trying to initialize Easy Logging"}
{"level":"INFO","message":"[11:55:05.557 PM]: No client config detected."}
{"level":"INFO","message":"[11:55:05.557 PM]: No config file path found. Client config will not be used."}
{"level":"INFO","message":"[11:55:05.558 PM]: Easy Logging is disabled as no config has been found"}
{"level":"ERROR","message":"[11:55:06.038 PM]: Connection[id: 4e691239-1589-454f-bf5d-12497a74ba0b] - connection failed after 487.62 milliseconds. Error: JWT token is invalid. [16fec0f5-faf0-417d-a299-05568cc9d7d8]"}
{"level":"INFO","message":"[4:27:37.419 PM]: Creating new connection object"}
{"level":"INFO","message":"[4:27:37.423 PM]: Creating Connection[id: 5fdc2784-3d9f-4736-bf35-82f74f3ddf4a] with host: INSTACART-INSTACART.snowflakecomputing.com, account: INSTACART-INSTACART, accessUrl: https://INSTACART-INSTACART.snowflakecomputing.com, user: FRANKSU, role: IC_ENG_ROLE, database: INSTADATA, schema: undefined, warehouse: DEVELOPER_WH, proxy was not configured, password is not provided, region: undefined, authenticator: SNOWFLAKE_JWT, ocsp mode: FAIL_OPEN, os: darwin, os version: 25.2.0"}
{"level":"INFO","message":"[4:27:37.424 PM]: Connection[id: 5fdc2784-3d9f-4736-bf35-82f74f3ddf4a] additional details: passcode in password is provided, passcode is not provided, private key is provided, application: ids-nextjs-medusa-insights, client name: snowflake-sdk, client version: 2.3.5, retry timeout: 300, private key path: undefined, private key pass is not provided, client store temporary credential: false, browser response timeout: 120000"}
{"level":"INFO","message":"[4:27:37.424 PM]: Connection[id: 5fdc2784-3d9f-4736-bf35-82f74f3ddf4a] - connection object created successfully."}
{"level":"INFO","message":"[4:27:37.424 PM]: Connection[id: 5fdc2784-3d9f-4736-bf35-82f74f3ddf4a] - connecting. Associated Snowflake domain: GLOBAL"}
{"level":"INFO","message":"[4:27:37.427 PM]: Connection[id: 5fdc2784-3d9f-4736-bf35-82f74f3ddf4a] - authentication successful using: SNOWFLAKE_JWT"}
{"level":"INFO","message":"[4:27:37.428 PM]: Trying to initialize Easy Logging"}
{"level":"INFO","message":"[4:27:37.429 PM]: No client config detected."}
{"level":"INFO","message":"[4:27:37.430 PM]: No config file path found. Client config will not be used."}
{"level":"INFO","message":"[4:27:37.430 PM]: Easy Logging is disabled as no config has been found"}
{"level":"INFO","message":"[4:27:37.463 PM]: Creating new connection object"}
{"level":"INFO","message":"[4:27:37.463 PM]: Creating Connection[id: cf0e59a2-af8d-4468-849d-08528cc9aa1e] with host: INSTACART-INSTACART.snowflakecomputing.com, account: INSTACART-INSTACART, accessUrl: https://INSTACART-INSTACART.snowflakecomputing.com, user: FRANKSU, role: IC_ENG_ROLE, database: INSTADATA, schema: undefined, warehouse: DEVELOPER_WH, proxy was not configured, password is not provided, region: undefined, authenticator: SNOWFLAKE_JWT, ocsp mode: FAIL_OPEN, os: darwin, os version: 25.2.0"}
{"level":"INFO","message":"[4:27:37.463 PM]: Connection[id: cf0e59a2-af8d-4468-849d-08528cc9aa1e] additional details: passcode in password is provided, passcode is not provided, private key is provided, application: ids-nextjs-medusa-insights, client name: snowflake-sdk, client version: 2.3.5, retry timeout: 300, private key path: undefined, private key pass is not provided, client store temporary credential: false, browser response timeout: 120000"}
{"level":"INFO","message":"[4:27:37.463 PM]: Connection[id: cf0e59a2-af8d-4468-849d-08528cc9aa1e] - connection object created successfully."}
{"level":"INFO","message":"[4:27:37.463 PM]: Connection[id: cf0e59a2-af8d-4468-849d-08528cc9aa1e] - connecting. Associated Snowflake domain: GLOBAL"}
{"level":"INFO","message":"[4:27:37.464 PM]: Connection[id: cf0e59a2-af8d-4468-849d-08528cc9aa1e] - authentication successful using: SNOWFLAKE_JWT"}
{"level":"ERROR","message":"[4:27:38.646 PM]: Connection[id: 5fdc2784-3d9f-4736-bf35-82f74f3ddf4a] - connection failed after 1221.8 milliseconds. Error: JWT token is invalid. [24bbee47-50e3-40f1-a320-982e4eca3d4f]"}
{"level":"ERROR","message":"[4:27:38.702 PM]: Connection[id: cf0e59a2-af8d-4468-849d-08528cc9aa1e] - connection failed after 1238.49 milliseconds. Error: JWT token is invalid. [f7d3fe9f-9be2-460b-8590-6611a67f18e6]"}
{"level":"INFO","message":"[10:24:09.039 AM]: Creating new connection object"}
{"level":"INFO","message":"[10:24:09.046 AM]: Creating Connection[id: 41d8d0be-c906-45d8-8f0c-1777e44d96ad] with host: INSTACART-INSTACART.snowflakecomputing.com, account: INSTACART-INSTACART, accessUrl: https://INSTACART-INSTACART.snowflakecomputing.com, user: FRANKSU, role: IC_ENG_ROLE, database: INSTADATA, schema: undefined, warehouse: DEVELOPER_WH, proxy was not configured, password is not provided, region: undefined, authenticator: SNOWFLAKE_JWT, ocsp mode: FAIL_OPEN, os: darwin, os version: 25.2.0"}
{"level":"INFO","message":"[10:24:09.046 AM]: Connection[id: 41d8d0be-c906-45d8-8f0c-1777e44d96ad] additional details: passcode in password is provided, passcode is not provided, private key is provided, application: ids-nextjs-simple-test, client name: snowflake-sdk, client version: 2.3.5, retry timeout: 300, private key path: undefined, private key pass is not provided, client store temporary credential: false, browser response timeout: 120000"}
{"level":"INFO","message":"[10:24:09.046 AM]: Connection[id: 41d8d0be-c906-45d8-8f0c-1777e44d96ad] - connection object created successfully."}
{"level":"INFO","message":"[10:24:09.046 AM]: Connection[id: 41d8d0be-c906-45d8-8f0c-1777e44d96ad] - connecting. Associated Snowflake domain: GLOBAL"}
{"level":"INFO","message":"[10:24:09.049 AM]: Connection[id: 41d8d0be-c906-45d8-8f0c-1777e44d96ad] - authentication successful using: SNOWFLAKE_JWT"}
{"level":"INFO","message":"[10:24:09.050 AM]: Trying to initialize Easy Logging"}
{"level":"INFO","message":"[10:24:09.051 AM]: No client config detected."}
{"level":"INFO","message":"[10:24:09.051 AM]: No config file path found. Client config will not be used."}
{"level":"INFO","message":"[10:24:09.051 AM]: Easy Logging is disabled as no config has been found"}
{"level":"ERROR","message":"[10:24:09.482 AM]: Connection[id: 41d8d0be-c906-45d8-8f0c-1777e44d96ad] - connection failed after 435.51 milliseconds. Error: Role 'IC_ENG_ROLE' specified in the connect string is not granted to this user, or is not permitted for the credentials being used. Contact your local system administrator, or attempt to login with another role, e.g. PUBLIC."}
{"level":"INFO","message":"[10:24:18.838 AM]: Creating new connection object"}
{"level":"INFO","message":"[10:24:18.845 AM]: Creating Connection[id: c46d423f-ce17-4e09-b488-85d0af923d25] with host: INSTACART-INSTACART.snowflakecomputing.com, account: INSTACART-INSTACART, accessUrl: https://INSTACART-INSTACART.snowflakecomputing.com, user: FRANKSU, role: INSTACART_READ_ONLY_ROLE, database: INSTADATA, schema: undefined, warehouse: DEVELOPER_WH, proxy was not configured, password is not provided, region: undefined, authenticator: SNOWFLAKE_JWT, ocsp mode: FAIL_OPEN, os: darwin, os version: 25.2.0"}
{"level":"INFO","message":"[10:24:18.845 AM]: Connection[id: c46d423f-ce17-4e09-b488-85d0af923d25] additional details: passcode in password is provided, passcode is not provided, private key is provided, application: ids-nextjs-simple-test, client name: snowflake-sdk, client version: 2.3.5, retry timeout: 300, private key path: undefined, private key pass is not provided, client store temporary credential: false, browser response timeout: 120000"}
{"level":"INFO","message":"[10:24:18.846 AM]: Connection[id: c46d423f-ce17-4e09-b488-85d0af923d25] - connection object created successfully."}
{"level":"INFO","message":"[10:24:18.846 AM]: Connection[id: c46d423f-ce17-4e09-b488-85d0af923d25] - connecting. Associated Snowflake domain: GLOBAL"}
{"level":"INFO","message":"[10:24:18.850 AM]: Connection[id: c46d423f-ce17-4e09-b488-85d0af923d25] - authentication successful using: SNOWFLAKE_JWT"}
{"level":"INFO","message":"[10:24:18.850 AM]: Trying to initialize Easy Logging"}
{"level":"INFO","message":"[10:24:18.851 AM]: No client config detected."}
{"level":"INFO","message":"[10:24:18.851 AM]: No config file path found. Client config will not be used."}
{"level":"INFO","message":"[10:24:18.852 AM]: Easy Logging is disabled as no config has been found"}
{"level":"INFO","message":"[10:24:19.402 AM]: Connection[id: c46d423f-ce17-4e09-b488-85d0af923d25] - connection established successfully after 556.38 milliseconds"}
{"level":"INFO","message":"[10:24:31.192 AM]: Creating new connection object"}
{"level":"INFO","message":"[10:24:31.196 AM]: Creating Connection[id: e094e483-3595-4b98-96db-553385208fb7] with host: INSTACART-INSTACART.snowflakecomputing.com, account: INSTACART-INSTACART, accessUrl: https://INSTACART-INSTACART.snowflakecomputing.com, user: FRANKSU, role: INSTACART_READ_ONLY_ROLE, database: INSTADATA, schema: undefined, warehouse: DEVELOPER_WH, proxy was not configured, password is not provided, region: undefined, authenticator: SNOWFLAKE_JWT, ocsp mode: FAIL_OPEN, os: darwin, os version: 25.2.0"}
{"level":"INFO","message":"[10:24:31.196 AM]: Connection[id: e094e483-3595-4b98-96db-553385208fb7] additional details: passcode in password is provided, passcode is not provided, private key is provided, application: ids-nextjs-medusa-insights, client name: snowflake-sdk, client version: 2.3.5, retry timeout: 300, private key path: undefined, private key pass is not provided, client store temporary credential: false, browser response timeout: 120000"}
{"level":"INFO","message":"[10:24:31.196 AM]: Connection[id: e094e483-3595-4b98-96db-553385208fb7] - connection object created successfully."}
{"level":"INFO","message":"[10:24:31.196 AM]: Connection[id: e094e483-3595-4b98-96db-553385208fb7] - connecting. Associated Snowflake domain: GLOBAL"}
{"level":"INFO","message":"[10:24:31.199 AM]: Connection[id: e094e483-3595-4b98-96db-553385208fb7] - authentication successful using: SNOWFLAKE_JWT"}
{"level":"INFO","message":"[10:24:31.199 AM]: Trying to initialize Easy Logging"}
{"level":"INFO","message":"[10:24:31.199 AM]: No client config detected."}
{"level":"INFO","message":"[10:24:31.200 AM]: No config file path found. Client config will not be used."}
{"level":"INFO","message":"[10:24:31.200 AM]: Easy Logging is disabled as no config has been found"}
{"level":"INFO","message":"[10:24:31.667 AM]: Connection[id: e094e483-3595-4b98-96db-553385208fb7] - connection established successfully after 470.85 milliseconds"}
{"level":"INFO","message":"[10:24:49.607 AM]: Creating new connection object"}
{"level":"INFO","message":"[10:24:49.611 AM]: Creating Connection[id: 335020e2-c46a-4a9f-9076-9305f3e0f49a] with host: INSTACART-INSTACART.snowflakecomputing.com, account: INSTACART-INSTACART, accessUrl: https://INSTACART-INSTACART.snowflakecomputing.com, user: FRANKSU, role: IC_ENG_ROLE, database: INSTADATA, schema: undefined, warehouse: DEVELOPER_WH, proxy was not configured, password is not provided, region: undefined, authenticator: SNOWFLAKE_JWT, ocsp mode: FAIL_OPEN, os: darwin, os version: 25.2.0"}
{"level":"INFO","message":"[10:24:49.612 AM]: Connection[id: 335020e2-c46a-4a9f-9076-9305f3e0f49a] additional details: passcode in password is provided, passcode is not provided, private key is provided, application: ids-nextjs-medusa-insights, client name: snowflake-sdk, client version: 2.3.5, retry timeout: 300, private key path: undefined, private key pass is not provided, client store temporary credential: false, browser response timeout: 120000"}
{"level":"INFO","message":"[10:24:49.612 AM]: Connection[id: 335020e2-c46a-4a9f-9076-9305f3e0f49a] - connection object created successfully."}
{"level":"INFO","message":"[10:24:49.612 AM]: Connection[id: 335020e2-c46a-4a9f-9076-9305f3e0f49a] - connecting. Associated Snowflake domain: GLOBAL"}
{"level":"INFO","message":"[10:24:49.615 AM]: Connection[id: 335020e2-c46a-4a9f-9076-9305f3e0f49a] - authentication successful using: SNOWFLAKE_JWT"}
{"level":"INFO","message":"[10:24:49.615 AM]: Trying to initialize Easy Logging"}
{"level":"INFO","message":"[10:24:49.616 AM]: No client config detected."}
{"level":"INFO","message":"[10:24:49.616 AM]: No config file path found. Client config will not be used."}
{"level":"INFO","message":"[10:24:49.616 AM]: Easy Logging is disabled as no config has been found"}
{"level":"ERROR","message":"[10:24:50.048 AM]: Connection[id: 335020e2-c46a-4a9f-9076-9305f3e0f49a] - connection failed after 435.87 milliseconds. Error: Role 'IC_ENG_ROLE' specified in the connect string is not granted to this user, or is not permitted for the credentials being used. Contact your local system administrator, or attempt to login with another role, e.g. PUBLIC."}
{"level":"INFO","message":"[10:24:51.262 AM]: Creating new connection object"}
{"level":"INFO","message":"[10:24:51.263 AM]: Creating Connection[id: ca4761e6-e6d6-45b4-bca7-d709f8ca8098] with host: INSTACART-INSTACART.snowflakecomputing.com, account: INSTACART-INSTACART, accessUrl: https://INSTACART-INSTACART.snowflakecomputing.com, user: FRANKSU, role: INSTACART_READ_ONLY_ROLE, database: INSTADATA, schema: undefined, warehouse: DEVELOPER_WH, proxy was not configured, password is not provided, region: undefined, authenticator: SNOWFLAKE_JWT, ocsp mode: FAIL_OPEN, os: darwin, os version: 25.2.0"}
{"level":"INFO","message":"[10:24:51.263 AM]: Connection[id: ca4761e6-e6d6-45b4-bca7-d709f8ca8098] additional details: passcode in password is provided, passcode is not provided, private key is provided, application: ids-nextjs-medusa-insights, client name: snowflake-sdk, client version: 2.3.5, retry timeout: 300, private key path: undefined, private key pass is not provided, client store temporary credential: false, browser response timeout: 120000"}
{"level":"INFO","message":"[10:24:51.263 AM]: Connection[id: ca4761e6-e6d6-45b4-bca7-d709f8ca8098] - connection object created successfully."}
{"level":"INFO","message":"[10:24:51.263 AM]: Connection[id: ca4761e6-e6d6-45b4-bca7-d709f8ca8098] - connecting. Associated Snowflake domain: GLOBAL"}
{"level":"INFO","message":"[10:24:51.264 AM]: Connection[id: ca4761e6-e6d6-45b4-bca7-d709f8ca8098] - authentication successful using: SNOWFLAKE_JWT"}
{"level":"INFO","message":"[10:24:51.599 AM]: Connection[id: ca4761e6-e6d6-45b4-bca7-d709f8ca8098] - connection established successfully after 335.75 milliseconds"}
{"level":"INFO","message":"[10:25:08.484 AM]: Creating new connection object"}
{"level":"INFO","message":"[10:25:08.488 AM]: Creating Connection[id: bb3a4307-7323-4c5d-b5d0-9f06010aef2c] with host: INSTACART-INSTACART.snowflakecomputing.com, account: INSTACART-INSTACART, accessUrl: https://INSTACART-INSTACART.snowflakecomputing.com, user: FRANKSU, role: INSTACART_READ_ONLY_ROLE, database: INSTADATA, schema: undefined, warehouse: DEVELOPER_WH, proxy was not configured, password is not provided, region: undefined, authenticator: SNOWFLAKE_JWT, ocsp mode: FAIL_OPEN, os: darwin, os version: 25.2.0"}
{"level":"INFO","message":"[10:25:08.488 AM]: Connection[id: bb3a4307-7323-4c5d-b5d0-9f06010aef2c] additional details: passcode in password is provided, passcode is not provided, private key is provided, application: ids-nextjs-medusa-insights, client name: snowflake-sdk, client version: 2.3.5, retry timeout: 300, private key path: undefined, private key pass is not provided, client store temporary credential: false, browser response timeout: 120000"}
{"level":"INFO","message":"[10:25:08.489 AM]: Connection[id: bb3a4307-7323-4c5d-b5d0-9f06010aef2c] - connection object created successfully."}
{"level":"INFO","message":"[10:25:08.489 AM]: Connection[id: bb3a4307-7323-4c5d-b5d0-9f06010aef2c] - connecting. Associated Snowflake domain: GLOBAL"}
{"level":"INFO","message":"[10:25:08.491 AM]: Connection[id: bb3a4307-7323-4c5d-b5d0-9f06010aef2c] - authentication successful using: SNOWFLAKE_JWT"}
{"level":"INFO","message":"[10:25:08.492 AM]: Trying to initialize Easy Logging"}
{"level":"INFO","message":"[10:25:08.492 AM]: No client config detected."}
{"level":"INFO","message":"[10:25:08.493 AM]: No config file path found. Client config will not be used."}
{"level":"INFO","message":"[10:25:08.493 AM]: Easy Logging is disabled as no config has been found"}
{"level":"INFO","message":"[10:25:08.923 AM]: Connection[id: bb3a4307-7323-4c5d-b5d0-9f06010aef2c] - connection established successfully after 434.3 milliseconds"}
{"level":"INFO","message":"[10:27:20.379 AM]: Creating new connection object"}
{"level":"INFO","message":"[10:27:20.385 AM]: Creating Connection[id: 5b99c3ab-a635-425d-8f0a-8b6b7db71ad5] with host: INSTACART-INSTACART.snowflakecomputing.com, account: INSTACART-INSTACART, accessUrl: https://INSTACART-INSTACART.snowflakecomputing.com, user: FRANKSU, role: INSTACART_READ_ONLY_ROLE, database: INSTADATA, schema: undefined, warehouse: DEVELOPER_WH, proxy was not configured, password is not provided, region: undefined, authenticator: SNOWFLAKE_JWT, ocsp mode: FAIL_OPEN, os: darwin, os version: 25.2.0"}
{"level":"INFO","message":"[10:27:20.386 AM]: Connection[id: 5b99c3ab-a635-425d-8f0a-8b6b7db71ad5] additional details: passcode in password is provided, passcode is not provided, private key is provided, application: ids-nextjs-direct-medusa-test, client name: snowflake-sdk, client version: 2.3.5, retry timeout: 300, private key path: undefined, private key pass is not provided, client store temporary credential: false, browser response timeout: 120000"}
{"level":"INFO","message":"[10:27:20.386 AM]: Connection[id: 5b99c3ab-a635-425d-8f0a-8b6b7db71ad5] - connection object created successfully."}
{"level":"INFO","message":"[10:27:20.386 AM]: Connection[id: 5b99c3ab-a635-425d-8f0a-8b6b7db71ad5] - connecting. Associated Snowflake domain: GLOBAL"}
{"level":"INFO","message":"[10:27:20.389 AM]: Connection[id: 5b99c3ab-a635-425d-8f0a-8b6b7db71ad5] - authentication successful using: SNOWFLAKE_JWT"}
{"level":"INFO","message":"[10:27:20.389 AM]: Trying to initialize Easy Logging"}
{"level":"INFO","message":"[10:27:20.391 AM]: No client config detected."}
{"level":"INFO","message":"[10:27:20.392 AM]: No config file path found. Client config will not be used."}
{"level":"INFO","message":"[10:27:20.392 AM]: Easy Logging is disabled as no config has been found"}
{"level":"INFO","message":"[10:27:20.932 AM]: Connection[id: 5b99c3ab-a635-425d-8f0a-8b6b7db71ad5] - connection established successfully after 546.16 milliseconds"}
{"level":"INFO","message":"[10:28:11.852 AM]: Creating new connection object"}
{"level":"INFO","message":"[10:28:11.856 AM]: Creating Connection[id: 46a38475-3e30-4661-bc62-269782fa55bc] with host: INSTACART-INSTACART.snowflakecomputing.com, account: INSTACART-INSTACART, accessUrl: https://INSTACART-INSTACART.snowflakecomputing.com, user: FRANKSU, role: INSTACART_READ_ONLY_ROLE, database: INSTADATA, schema: undefined, warehouse: DEVELOPER_WH, proxy was not configured, password is not provided, region: undefined, authenticator: SNOWFLAKE_JWT, ocsp mode: FAIL_OPEN, os: darwin, os version: 25.2.0"}
{"level":"INFO","message":"[10:28:11.857 AM]: Connection[id: 46a38475-3e30-4661-bc62-269782fa55bc] additional details: passcode in password is provided, passcode is not provided, private key is provided, application: ids-nextjs-medusa-insights, client name: snowflake-sdk, client version: 2.3.5, retry timeout: 300, private key path: undefined, private key pass is not provided, client store temporary credential: false, browser response timeout: 120000"}
{"level":"INFO","message":"[10:28:11.857 AM]: Connection[id: 46a38475-3e30-4661-bc62-269782fa55bc] - connection object created successfully."}
{"level":"INFO","message":"[10:28:11.857 AM]: Connection[id: 46a38475-3e30-4661-bc62-269782fa55bc] - connecting. Associated Snowflake domain: GLOBAL"}
{"level":"INFO","message":"[10:28:11.860 AM]: Connection[id: 46a38475-3e30-4661-bc62-269782fa55bc] - authentication successful using: SNOWFLAKE_JWT"}
{"level":"INFO","message":"[10:28:11.860 AM]: Trying to initialize Easy Logging"}
{"level":"INFO","message":"[10:28:11.861 AM]: No client config detected."}
{"level":"INFO","message":"[10:28:11.861 AM]: No config file path found. Client config will not be used."}
{"level":"INFO","message":"[10:28:11.862 AM]: Easy Logging is disabled as no config has been found"}
{"level":"INFO","message":"[10:28:12.598 AM]: Connection[id: 46a38475-3e30-4661-bc62-269782fa55bc] - connection established successfully after 740.98 milliseconds"}
{"level":"INFO","message":"[10:29:16.926 AM]: Creating new connection object"}
{"level":"INFO","message":"[10:29:16.930 AM]: Creating Connection[id: e07c696b-fe5a-4eee-b97c-a6abc9723191] with host: INSTACART-INSTACART.snowflakecomputing.com, account: INSTACART-INSTACART, accessUrl: https://INSTACART-INSTACART.snowflakecomputing.com, user: FRANKSU, role: INSTACART_READ_ONLY_ROLE, database: INSTADATA, schema: undefined, warehouse: DEVELOPER_WH, proxy was not configured, password is not provided, region: undefined, authenticator: SNOWFLAKE_JWT, ocsp mode: FAIL_OPEN, os: darwin, os version: 25.2.0"}
{"level":"INFO","message":"[10:29:16.930 AM]: Connection[id: e07c696b-fe5a-4eee-b97c-a6abc9723191] additional details: passcode in password is provided, passcode is not provided, private key is provided, application: ids-nextjs-medusa-insights, client name: snowflake-sdk, client version: 2.3.5, retry timeout: 300, private key path: undefined, private key pass is not provided, client store temporary credential: false, browser response timeout: 120000"}
{"level":"INFO","message":"[10:29:16.931 AM]: Connection[id: e07c696b-fe5a-4eee-b97c-a6abc9723191] - connection object created successfully."}
{"level":"INFO","message":"[10:29:16.931 AM]: Connection[id: e07c696b-fe5a-4eee-b97c-a6abc9723191] - connecting. Associated Snowflake domain: GLOBAL"}
{"level":"INFO","message":"[10:29:16.933 AM]: Connection[id: e07c696b-fe5a-4eee-b97c-a6abc9723191] - authentication successful using: SNOWFLAKE_JWT"}
{"level":"INFO","message":"[10:29:16.933 AM]: Trying to initialize Easy Logging"}
{"level":"INFO","message":"[10:29:16.934 AM]: No client config detected."}
{"level":"INFO","message":"[10:29:16.934 AM]: No config file path found. Client config will not be used."}
{"level":"INFO","message":"[10:29:16.934 AM]: Easy Logging is disabled as no config has been found"}
{"level":"INFO","message":"[10:29:17.501 AM]: Connection[id: e07c696b-fe5a-4eee-b97c-a6abc9723191] - connection established successfully after 570.34 milliseconds"}
{"level":"INFO","message":"[10:29:51.601 AM]: Creating new connection object"}
{"level":"INFO","message":"[10:29:51.606 AM]: Creating Connection[id: 79671144-5581-4488-9c55-cd495c6ba818] with host: INSTACART-INSTACART.snowflakecomputing.com, account: INSTACART-INSTACART, accessUrl: https://INSTACART-INSTACART.snowflakecomputing.com, user: FRANKSU, role: INSTACART_READ_ONLY_ROLE, database: INSTADATA, schema: undefined, warehouse: DEVELOPER_WH, proxy was not configured, password is not provided, region: undefined, authenticator: SNOWFLAKE_JWT, ocsp mode: FAIL_OPEN, os: darwin, os version: 25.2.0"}
{"level":"INFO","message":"[10:29:51.606 AM]: Connection[id: 79671144-5581-4488-9c55-cd495c6ba818] additional details: passcode in password is provided, passcode is not provided, private key is provided, application: ids-nextjs-medusa-insights, client name: snowflake-sdk, client version: 2.3.5, retry timeout: 300, private key path: undefined, private key pass is not provided, client store temporary credential: false, browser response timeout: 120000"}
{"level":"INFO","message":"[10:29:51.606 AM]: Connection[id: 79671144-5581-4488-9c55-cd495c6ba818] - connection object created successfully."}
{"level":"INFO","message":"[10:29:51.606 AM]: Connection[id: 79671144-5581-4488-9c55-cd495c6ba818] - connecting. Associated Snowflake domain: GLOBAL"}
{"level":"INFO","message":"[10:29:51.609 AM]: Connection[id: 79671144-5581-4488-9c55-cd495c6ba818] - authentication successful using: SNOWFLAKE_JWT"}
{"level":"INFO","message":"[10:29:51.609 AM]: Trying to initialize Easy Logging"}
{"level":"INFO","message":"[10:29:51.609 AM]: No client config detected."}
{"level":"INFO","message":"[10:29:51.610 AM]: No config file path found. Client config will not be used."}
{"level":"INFO","message":"[10:29:51.610 AM]: Easy Logging is disabled as no config has been found"}
{"level":"INFO","message":"[10:29:52.071 AM]: Connection[id: 79671144-5581-4488-9c55-cd495c6ba818] - connection established successfully after 464.8 milliseconds"}
{"level":"INFO","message":"[10:30:03.377 AM]: Creating new connection object"}
{"level":"INFO","message":"[10:30:03.382 AM]: Creating Connection[id: e5f48465-79e0-43e0-8494-154c08722401] with host: INSTACART-INSTACART.snowflakecomputing.com, account: INSTACART-INSTACART, accessUrl: https://INSTACART-INSTACART.snowflakecomputing.com, user: FRANKSU, role: INSTACART_READ_ONLY_ROLE, database: INSTADATA, schema: undefined, warehouse: DEVELOPER_WH, proxy was not configured, password is not provided, region: undefined, authenticator: SNOWFLAKE_JWT, ocsp mode: FAIL_OPEN, os: darwin, os version: 25.2.0"}
{"level":"INFO","message":"[10:30:03.382 AM]: Connection[id: e5f48465-79e0-43e0-8494-154c08722401] additional details: passcode in password is provided, passcode is not provided, private key is provided, application: ids-nextjs-medusa-insights, client name: snowflake-sdk, client version: 2.3.5, retry timeout: 300, private key path: undefined, private key pass is not provided, client store temporary credential: false, browser response timeout: 120000"}
{"level":"INFO","message":"[10:30:03.382 AM]: Connection[id: e5f48465-79e0-43e0-8494-154c08722401] - connection object created successfully."}
{"level":"INFO","message":"[10:30:03.383 AM]: Connection[id: e5f48465-79e0-43e0-8494-154c08722401] - connecting. Associated Snowflake domain: GLOBAL"}
{"level":"INFO","message":"[10:30:03.384 AM]: Connection[id: e5f48465-79e0-43e0-8494-154c08722401] - authentication successful using: SNOWFLAKE_JWT"}
{"level":"INFO","message":"[10:30:03.384 AM]: Trying to initialize Easy Logging"}
{"level":"INFO","message":"[10:30:03.385 AM]: No client config detected."}
{"level":"INFO","message":"[10:30:03.385 AM]: No config file path found. Client config will not be used."}
{"level":"INFO","message":"[10:30:03.386 AM]: Easy Logging is disabled as no config has been found"}
{"level":"INFO","message":"[10:30:03.824 AM]: Connection[id: e5f48465-79e0-43e0-8494-154c08722401] - connection established successfully after 441.9 milliseconds"}
{"level":"INFO","message":"[10:30:44.342 AM]: Creating new connection object"}
{"level":"INFO","message":"[10:30:44.342 AM]: Creating Connection[id: e84846f7-e00f-4958-b914-e3d5cf5f4990] with host: INSTACART-INSTACART.snowflakecomputing.com, account: INSTACART-INSTACART, accessUrl: https://INSTACART-INSTACART.snowflakecomputing.com, user: FRANKSU, role: INSTACART_READ_ONLY_ROLE, database: INSTADATA, schema: undefined, warehouse: DEVELOPER_WH, proxy was not configured, password is not provided, region: undefined, authenticator: SNOWFLAKE_JWT, ocsp mode: FAIL_OPEN, os: darwin, os version: 25.2.0"}
{"level":"INFO","message":"[10:30:44.342 AM]: Connection[id: e84846f7-e00f-4958-b914-e3d5cf5f4990] additional details: passcode in password is provided, passcode is not provided, private key is provided, application: ids-nextjs-medusa-insights, client name: snowflake-sdk, client version: 2.3.5, retry timeout: 300, private key path: undefined, private key pass is not provided, client store temporary credential: false, browser response timeout: 120000"}
{"level":"INFO","message":"[10:30:44.343 AM]: Connection[id: e84846f7-e00f-4958-b914-e3d5cf5f4990] - connection object created successfully."}
{"level":"INFO","message":"[10:30:44.343 AM]: Connection[id: e84846f7-e00f-4958-b914-e3d5cf5f4990] - connecting. Associated Snowflake domain: GLOBAL"}
{"level":"INFO","message":"[10:30:44.344 AM]: Connection[id: e84846f7-e00f-4958-b914-e3d5cf5f4990] - authentication successful using: SNOWFLAKE_JWT"}
{"level":"INFO","message":"[10:30:44.457 AM]: Creating new connection object"}
{"level":"INFO","message":"[10:30:44.457 AM]: Creating Connection[id: 957bb84c-dc99-4cd9-a442-dfbee3dfddd7] with host: INSTACART-INSTACART.snowflakecomputing.com, account: INSTACART-INSTACART, accessUrl: https://INSTACART-INSTACART.snowflakecomputing.com, user: FRANKSU, role: INSTACART_READ_ONLY_ROLE, database: INSTADATA, schema: undefined, warehouse: DEVELOPER_WH, proxy was not configured, password is not provided, region: undefined, authenticator: SNOWFLAKE_JWT, ocsp mode: FAIL_OPEN, os: darwin, os version: 25.2.0"}
{"level":"INFO","message":"[10:30:44.458 AM]: Connection[id: 957bb84c-dc99-4cd9-a442-dfbee3dfddd7] additional details: passcode in password is provided, passcode is not provided, private key is provided, application: ids-nextjs-medusa-insights, client name: snowflake-sdk, client version: 2.3.5, retry timeout: 300, private key path: undefined, private key pass is not provided, client store temporary credential: false, browser response timeout: 120000"}
{"level":"INFO","message":"[10:30:44.458 AM]: Connection[id: 957bb84c-dc99-4cd9-a442-dfbee3dfddd7] - connection object created successfully."}
{"level":"INFO","message":"[10:30:44.458 AM]: Connection[id: 957bb84c-dc99-4cd9-a442-dfbee3dfddd7] - connecting. Associated Snowflake domain: GLOBAL"}
{"level":"INFO","message":"[10:30:44.459 AM]: Connection[id: 957bb84c-dc99-4cd9-a442-dfbee3dfddd7] - authentication successful using: SNOWFLAKE_JWT"}
{"level":"INFO","message":"[10:30:44.567 AM]: Connection[id: e84846f7-e00f-4958-b914-e3d5cf5f4990] - connection established successfully after 223.91 milliseconds"}
{"level":"INFO","message":"[10:30:44.570 AM]: Creating new connection object"}
{"level":"INFO","message":"[10:30:44.570 AM]: Creating Connection[id: 7cea5831-9c06-414b-be4f-139ebd98d1e9] with host: INSTACART-INSTACART.snowflakecomputing.com, account: INSTACART-INSTACART, accessUrl: https://INSTACART-INSTACART.snowflakecomputing.com, user: FRANKSU, role: INSTACART_READ_ONLY_ROLE, database: INSTADATA, schema: undefined, warehouse: DEVELOPER_WH, proxy was not configured, password is not provided, region: undefined, authenticator: SNOWFLAKE_JWT, ocsp mode: FAIL_OPEN, os: darwin, os version: 25.2.0"}
{"level":"INFO","message":"[10:30:44.570 AM]: Connection[id: 7cea5831-9c06-414b-be4f-139ebd98d1e9] additional details: passcode in password is provided, passcode is not provided, private key is provided, application: ids-nextjs-medusa-insights, client name: snowflake-sdk, client version: 2.3.5, retry timeout: 300, private key path: undefined, private key pass is not provided, client store temporary credential: false, browser response timeout: 120000"}
{"level":"INFO","message":"[10:30:44.570 AM]: Connection[id: 7cea5831-9c06-414b-be4f-139ebd98d1e9] - connection object created successfully."}
{"level":"INFO","message":"[10:30:44.570 AM]: Connection[id: 7cea5831-9c06-414b-be4f-139ebd98d1e9] - connecting. Associated Snowflake domain: GLOBAL"}
{"level":"INFO","message":"[10:30:44.571 AM]: Connection[id: 7cea5831-9c06-414b-be4f-139ebd98d1e9] - authentication successful using: SNOWFLAKE_JWT"}
{"level":"INFO","message":"[10:30:44.667 AM]: Connection[id: 957bb84c-dc99-4cd9-a442-dfbee3dfddd7] - connection established successfully after 209.67 milliseconds"}
{"level":"INFO","message":"[10:30:45.142 AM]: Connection[id: 7cea5831-9c06-414b-be4f-139ebd98d1e9] - connection established successfully after 571.82 milliseconds"}
{"level":"INFO","message":"[10:31:48.700 AM]: Creating new connection object"}
{"level":"INFO","message":"[10:31:48.701 AM]: Creating Connection[id: e75f63fe-2d27-4c24-b4e0-ac92fd17b179] with host: INSTACART-INSTACART.snowflakecomputing.com, account: INSTACART-INSTACART, accessUrl: https://INSTACART-INSTACART.snowflakecomputing.com, user: FRANKSU, role: INSTACART_READ_ONLY_ROLE, database: INSTADATA, schema: undefined, warehouse: DEVELOPER_WH, proxy was not configured, password is not provided, region: undefined, authenticator: SNOWFLAKE_JWT, ocsp mode: FAIL_OPEN, os: darwin, os version: 25.2.0"}
{"level":"INFO","message":"[10:31:48.701 AM]: Connection[id: e75f63fe-2d27-4c24-b4e0-ac92fd17b179] additional details: passcode in password is provided, passcode is not provided, private key is provided, application: ids-nextjs-medusa-insights, client name: snowflake-sdk, client version: 2.3.5, retry timeout: 300, private key path: undefined, private key pass is not provided, client store temporary credential: false, browser response timeout: 120000"}
{"level":"INFO","message":"[10:31:48.701 AM]: Connection[id: e75f63fe-2d27-4c24-b4e0-ac92fd17b179] - connection object created successfully."}
{"level":"INFO","message":"[10:31:48.701 AM]: Connection[id: e75f63fe-2d27-4c24-b4e0-ac92fd17b179] - connecting. Associated Snowflake domain: GLOBAL"}
{"level":"INFO","message":"[10:31:48.703 AM]: Connection[id: e75f63fe-2d27-4c24-b4e0-ac92fd17b179] - authentication successful using: SNOWFLAKE_JWT"}
{"level":"INFO","message":"[10:31:48.870 AM]: Creating new connection object"}
{"level":"INFO","message":"[10:31:48.871 AM]: Creating Connection[id: baa973b4-ddb3-4789-8f6e-324aeab08f76] with host: INSTACART-INSTACART.snowflakecomputing.com, account: INSTACART-INSTACART, accessUrl: https://INSTACART-INSTACART.snowflakecomputing.com, user: FRANKSU, role: INSTACART_READ_ONLY_ROLE, database: INSTADATA, schema: undefined, warehouse: DEVELOPER_WH, proxy was not configured, password is not provided, region: undefined, authenticator: SNOWFLAKE_JWT, ocsp mode: FAIL_OPEN, os: darwin, os version: 25.2.0"}
{"level":"INFO","message":"[10:31:48.871 AM]: Connection[id: baa973b4-ddb3-4789-8f6e-324aeab08f76] additional details: passcode in password is provided, passcode is not provided, private key is provided, application: ids-nextjs-medusa-insights, client name: snowflake-sdk, client version: 2.3.5, retry timeout: 300, private key path: undefined, private key pass is not provided, client store temporary credential: false, browser response timeout: 120000"}
{"level":"INFO","message":"[10:31:48.871 AM]: Connection[id: baa973b4-ddb3-4789-8f6e-324aeab08f76] - connection object created successfully."}
{"level":"INFO","message":"[10:31:48.871 AM]: Connection[id: baa973b4-ddb3-4789-8f6e-324aeab08f76] - connecting. Associated Snowflake domain: GLOBAL"}
{"level":"INFO","message":"[10:31:48.872 AM]: Connection[id: baa973b4-ddb3-4789-8f6e-324aeab08f76] - authentication successful using: SNOWFLAKE_JWT"}
{"level":"INFO","message":"[10:31:48.946 AM]: Connection[id: e75f63fe-2d27-4c24-b4e0-ac92fd17b179] - connection established successfully after 244.62 milliseconds"}
{"level":"INFO","message":"[10:31:48.985 AM]: Creating new connection object"}
{"level":"INFO","message":"[10:31:48.985 AM]: Creating Connection[id: a9943a1c-8c0d-4c12-9c12-546688a6b38a] with host: INSTACART-INSTACART.snowflakecomputing.com, account: INSTACART-INSTACART, accessUrl: https://INSTACART-INSTACART.snowflakecomputing.com, user: FRANKSU, role: INSTACART_READ_ONLY_ROLE, database: INSTADATA, schema: undefined, warehouse: DEVELOPER_WH, proxy was not configured, password is not provided, region: undefined, authenticator: SNOWFLAKE_JWT, ocsp mode: FAIL_OPEN, os: darwin, os version: 25.2.0"}
{"level":"INFO","message":"[10:31:48.985 AM]: Connection[id: a9943a1c-8c0d-4c12-9c12-546688a6b38a] additional details: passcode in password is provided, passcode is not provided, private key is provided, application: ids-nextjs-medusa-insights, client name: snowflake-sdk, client version: 2.3.5, retry timeout: 300, private key path: undefined, private key pass is not provided, client store temporary credential: false, browser response timeout: 120000"}
{"level":"INFO","message":"[10:31:48.985 AM]: Connection[id: a9943a1c-8c0d-4c12-9c12-546688a6b38a] - connection object created successfully."}
{"level":"INFO","message":"[10:31:48.985 AM]: Connection[id: a9943a1c-8c0d-4c12-9c12-546688a6b38a] - connecting. Associated Snowflake domain: GLOBAL"}
{"level":"INFO","message":"[10:31:48.987 AM]: Connection[id: a9943a1c-8c0d-4c12-9c12-546688a6b38a] - authentication successful using: SNOWFLAKE_JWT"}
{"level":"INFO","message":"[10:31:49.144 AM]: Connection[id: baa973b4-ddb3-4789-8f6e-324aeab08f76] - connection established successfully after 273.26 milliseconds"}
{"level":"INFO","message":"[10:31:49.232 AM]: Connection[id: a9943a1c-8c0d-4c12-9c12-546688a6b38a] - connection established successfully after 246.77 milliseconds"}
{"level":"INFO","message":"[10:33:28.894 AM]: Creating new connection object"}
{"level":"INFO","message":"[10:33:28.894 AM]: Creating Connection[id: fa194b83-5cdc-4aa4-89bc-121c620e85cb] with host: INSTACART-INSTACART.snowflakecomputing.com, account: INSTACART-INSTACART, accessUrl: https://INSTACART-INSTACART.snowflakecomputing.com, user: FRANKSU, role: INSTACART_READ_ONLY_ROLE, database: INSTADATA, schema: undefined, warehouse: DEVELOPER_WH, proxy was not configured, password is not provided, region: undefined, authenticator: SNOWFLAKE_JWT, ocsp mode: FAIL_OPEN, os: darwin, os version: 25.2.0"}
{"level":"INFO","message":"[10:33:28.894 AM]: Connection[id: fa194b83-5cdc-4aa4-89bc-121c620e85cb] additional details: passcode in password is provided, passcode is not provided, private key is provided, application: ids-nextjs-medusa-insights, client name: snowflake-sdk, client version: 2.3.5, retry timeout: 300, private key path: undefined, private key pass is not provided, client store temporary credential: false, browser response timeout: 120000"}
{"level":"INFO","message":"[10:33:28.895 AM]: Connection[id: fa194b83-5cdc-4aa4-89bc-121c620e85cb] - connection object created successfully."}
{"level":"INFO","message":"[10:33:28.895 AM]: Connection[id: fa194b83-5cdc-4aa4-89bc-121c620e85cb] - connecting. Associated Snowflake domain: GLOBAL"}
{"level":"INFO","message":"[10:33:28.896 AM]: Connection[id: fa194b83-5cdc-4aa4-89bc-121c620e85cb] - authentication successful using: SNOWFLAKE_JWT"}
{"level":"INFO","message":"[10:33:29.003 AM]: Creating new connection object"}
{"level":"INFO","message":"[10:33:29.004 AM]: Creating Connection[id: d7b06dff-f6f8-47be-8dfd-59d28e4a594e] with host: INSTACART-INSTACART.snowflakecomputing.com, account: INSTACART-INSTACART, accessUrl: https://INSTACART-INSTACART.snowflakecomputing.com, user: FRANKSU, role: INSTACART_READ_ONLY_ROLE, database: INSTADATA, schema: undefined, warehouse: DEVELOPER_WH, proxy was not configured, password is not provided, region: undefined, authenticator: SNOWFLAKE_JWT, ocsp mode: FAIL_OPEN, os: darwin, os version: 25.2.0"}
{"level":"INFO","message":"[10:33:29.004 AM]: Connection[id: d7b06dff-f6f8-47be-8dfd-59d28e4a594e] additional details: passcode in password is provided, passcode is not provided, private key is provided, application: ids-nextjs-medusa-insights, client name: snowflake-sdk, client version: 2.3.5, retry timeout: 300, private key path: undefined, private key pass is not provided, client store temporary credential: false, browser response timeout: 120000"}
{"level":"INFO","message":"[10:33:29.004 AM]: Connection[id: d7b06dff-f6f8-47be-8dfd-59d28e4a594e] - connection object created successfully."}
{"level":"INFO","message":"[10:33:29.004 AM]: Connection[id: d7b06dff-f6f8-47be-8dfd-59d28e4a594e] - connecting. Associated Snowflake domain: GLOBAL"}
{"level":"INFO","message":"[10:33:29.006 AM]: Connection[id: d7b06dff-f6f8-47be-8dfd-59d28e4a594e] - authentication successful using: SNOWFLAKE_JWT"}
{"level":"INFO","message":"[10:33:29.114 AM]: Creating new connection object"}
{"level":"INFO","message":"[10:33:29.114 AM]: Creating Connection[id: 56233166-dadf-40f8-9d46-aa8fc2548d2c] with host: INSTACART-INSTACART.snowflakecomputing.com, account: INSTACART-INSTACART, accessUrl: https://INSTACART-INSTACART.snowflakecomputing.com, user: FRANKSU, role: INSTACART_READ_ONLY_ROLE, database: INSTADATA, schema: undefined, warehouse: DEVELOPER_WH, proxy was not configured, password is not provided, region: undefined, authenticator: SNOWFLAKE_JWT, ocsp mode: FAIL_OPEN, os: darwin, os version: 25.2.0"}
{"level":"INFO","message":"[10:33:29.114 AM]: Connection[id: 56233166-dadf-40f8-9d46-aa8fc2548d2c] additional details: passcode in password is provided, passcode is not provided, private key is provided, application: ids-nextjs-medusa-insights, client name: snowflake-sdk, client version: 2.3.5, retry timeout: 300, private key path: undefined, private key pass is not provided, client store temporary credential: false, browser response timeout: 120000"}
{"level":"INFO","message":"[10:33:29.114 AM]: Connection[id: 56233166-dadf-40f8-9d46-aa8fc2548d2c] - connection object created successfully."}
{"level":"INFO","message":"[10:33:29.114 AM]: Connection[id: 56233166-dadf-40f8-9d46-aa8fc2548d2c] - connecting. Associated Snowflake domain: GLOBAL"}
{"level":"INFO","message":"[10:33:29.115 AM]: Connection[id: 56233166-dadf-40f8-9d46-aa8fc2548d2c] - authentication successful using: SNOWFLAKE_JWT"}
{"level":"INFO","message":"[10:33:29.269 AM]: Connection[id: d7b06dff-f6f8-47be-8dfd-59d28e4a594e] - connection established successfully after 265.09 milliseconds"}
{"level":"INFO","message":"[10:33:29.334 AM]: Connection[id: 56233166-dadf-40f8-9d46-aa8fc2548d2c] - connection established successfully after 219.56 milliseconds"}
{"level":"INFO","message":"[10:33:29.358 AM]: Connection[id: fa194b83-5cdc-4aa4-89bc-121c620e85cb] - connection established successfully after 463.57 milliseconds"}
{"level":"INFO","message":"[10:33:58.732 AM]: Creating new connection object"}
{"level":"INFO","message":"[10:33:58.732 AM]: Creating Connection[id: d8ad77a4-d267-4a6f-ab04-a135433a778e] with host: INSTACART-INSTACART.snowflakecomputing.com, account: INSTACART-INSTACART, accessUrl: https://INSTACART-INSTACART.snowflakecomputing.com, user: FRANKSU, role: INSTACART_READ_ONLY_ROLE, database: INSTADATA, schema: undefined, warehouse: DEVELOPER_WH, proxy was not configured, password is not provided, region: undefined, authenticator: SNOWFLAKE_JWT, ocsp mode: FAIL_OPEN, os: darwin, os version: 25.2.0"}
{"level":"INFO","message":"[10:33:58.732 AM]: Connection[id: d8ad77a4-d267-4a6f-ab04-a135433a778e] additional details: passcode in password is provided, passcode is not provided, private key is provided, application: ids-nextjs-medusa-insights, client name: snowflake-sdk, client version: 2.3.5, retry timeout: 300, private key path: undefined, private key pass is not provided, client store temporary credential: false, browser response timeout: 120000"}
{"level":"INFO","message":"[10:33:58.732 AM]: Connection[id: d8ad77a4-d267-4a6f-ab04-a135433a778e] - connection object created successfully."}
{"level":"INFO","message":"[10:33:58.733 AM]: Connection[id: d8ad77a4-d267-4a6f-ab04-a135433a778e] - connecting. Associated Snowflake domain: GLOBAL"}
{"level":"INFO","message":"[10:33:58.734 AM]: Connection[id: d8ad77a4-d267-4a6f-ab04-a135433a778e] - authentication successful using: SNOWFLAKE_JWT"}
{"level":"INFO","message":"[10:33:58.848 AM]: Creating new connection object"}
{"level":"INFO","message":"[10:33:58.848 AM]: Creating Connection[id: ce1e80f6-cf3d-4718-8821-4344ec0299ee] with host: INSTACART-INSTACART.snowflakecomputing.com, account: INSTACART-INSTACART, accessUrl: https://INSTACART-INSTACART.snowflakecomputing.com, user: FRANKSU, role: INSTACART_READ_ONLY_ROLE, database: INSTADATA, schema: undefined, warehouse: DEVELOPER_WH, proxy was not configured, password is not provided, region: undefined, authenticator: SNOWFLAKE_JWT, ocsp mode: FAIL_OPEN, os: darwin, os version: 25.2.0"}
{"level":"INFO","message":"[10:33:58.848 AM]: Connection[id: ce1e80f6-cf3d-4718-8821-4344ec0299ee] additional details: passcode in password is provided, passcode is not provided, private key is provided, application: ids-nextjs-medusa-insights, client name: snowflake-sdk, client version: 2.3.5, retry timeout: 300, private key path: undefined, private key pass is not provided, client store temporary credential: false, browser response timeout: 120000"}
{"level":"INFO","message":"[10:33:58.848 AM]: Connection[id: ce1e80f6-cf3d-4718-8821-4344ec0299ee] - connection object created successfully."}
{"level":"INFO","message":"[10:33:58.848 AM]: Connection[id: ce1e80f6-cf3d-4718-8821-4344ec0299ee] - connecting. Associated Snowflake domain: GLOBAL"}
{"level":"INFO","message":"[10:33:58.849 AM]: Connection[id: ce1e80f6-cf3d-4718-8821-4344ec0299ee] - authentication successful using: SNOWFLAKE_JWT"}
{"level":"INFO","message":"[10:33:58.968 AM]: Creating new connection object"}
{"level":"INFO","message":"[10:33:58.968 AM]: Creating Connection[id: 2127b79d-00c3-40c3-820d-7de78a4aede4] with host: INSTACART-INSTACART.snowflakecomputing.com, account: INSTACART-INSTACART, accessUrl: https://INSTACART-INSTACART.snowflakecomputing.com, user: FRANKSU, role: INSTACART_READ_ONLY_ROLE, database: INSTADATA, schema: undefined, warehouse: DEVELOPER_WH, proxy was not configured, password is not provided, region: undefined, authenticator: SNOWFLAKE_JWT, ocsp mode: FAIL_OPEN, os: darwin, os version: 25.2.0"}
{"level":"INFO","message":"[10:33:58.968 AM]: Connection[id: 2127b79d-00c3-40c3-820d-7de78a4aede4] additional details: passcode in password is provided, passcode is not provided, private key is provided, application: ids-nextjs-medusa-insights, client name: snowflake-sdk, client version: 2.3.5, retry timeout: 300, private key path: undefined, private key pass is not provided, client store temporary credential: false, browser response timeout: 120000"}
{"level":"INFO","message":"[10:33:58.968 AM]: Connection[id: 2127b79d-00c3-40c3-820d-7de78a4aede4] - connection object created successfully."}
{"level":"INFO","message":"[10:33:58.968 AM]: Connection[id: 2127b79d-00c3-40c3-820d-7de78a4aede4] - connecting. Associated Snowflake domain: GLOBAL"}
{"level":"INFO","message":"[10:33:58.969 AM]: Connection[id: 2127b79d-00c3-40c3-820d-7de78a4aede4] - authentication successful using: SNOWFLAKE_JWT"}
{"level":"INFO","message":"[10:33:59.013 AM]: Connection[id: d8ad77a4-d267-4a6f-ab04-a135433a778e] - connection established successfully after 280.37 milliseconds"}
{"level":"INFO","message":"[10:33:59.150 AM]: Connection[id: ce1e80f6-cf3d-4718-8821-4344ec0299ee] - connection established successfully after 301.97 milliseconds"}
{"level":"INFO","message":"[10:33:59.250 AM]: Connection[id: 2127b79d-00c3-40c3-820d-7de78a4aede4] - connection established successfully after 281.9 milliseconds"}
{"level":"INFO","message":"[10:40:22.538 AM]: Creating new connection object"}
{"level":"INFO","message":"[10:40:22.542 AM]: Creating Connection[id: 71d54cdf-fa51-441c-8ac4-1b3e66b939ca] with host: INSTACART-INSTACART.snowflakecomputing.com, account: INSTACART-INSTACART, accessUrl: https://INSTACART-INSTACART.snowflakecomputing.com, user: FRANKSU, role: INSTACART_READ_ONLY_ROLE, database: INSTADATA, schema: undefined, warehouse: DEVELOPER_WH, proxy was not configured, password is not provided, region: undefined, authenticator: SNOWFLAKE_JWT, ocsp mode: FAIL_OPEN, os: darwin, os version: 25.2.0"}
{"level":"INFO","message":"[10:40:22.543 AM]: Connection[id: 71d54cdf-fa51-441c-8ac4-1b3e66b939ca] additional details: passcode in password is provided, passcode is not provided, private key is provided, application: ids-nextjs-medusa-insights, client name: snowflake-sdk, client version: 2.3.5, retry timeout: 300, private key path: undefined, private key pass is not provided, client store temporary credential: false, browser response timeout: 120000"}
{"level":"INFO","message":"[10:40:22.543 AM]: Connection[id: 71d54cdf-fa51-441c-8ac4-1b3e66b939ca] - connection object created successfully."}
{"level":"INFO","message":"[10:40:22.543 AM]: Connection[id: 71d54cdf-fa51-441c-8ac4-1b3e66b939ca] - connecting. Associated Snowflake domain: GLOBAL"}
{"level":"INFO","message":"[10:40:22.546 AM]: Connection[id: 71d54cdf-fa51-441c-8ac4-1b3e66b939ca] - authentication successful using: SNOWFLAKE_JWT"}
{"level":"INFO","message":"[10:40:22.546 AM]: Trying to initialize Easy Logging"}
{"level":"INFO","message":"[10:40:22.549 AM]: No client config detected."}
{"level":"INFO","message":"[10:40:22.549 AM]: No config file path found. Client config will not be used."}
{"level":"INFO","message":"[10:40:22.549 AM]: Easy Logging is disabled as no config has been found"}
{"level":"INFO","message":"[10:40:23.093 AM]: Connection[id: 71d54cdf-fa51-441c-8ac4-1b3e66b939ca] - connection established successfully after 549.87 milliseconds"}
{"level":"INFO","message":"[10:41:04.411 AM]: Creating new connection object"}
{"level":"INFO","message":"[10:41:04.411 AM]: Creating Connection[id: af936444-796a-4413-9a16-1008843cafc5] with host: INSTACART-INSTACART.snowflakecomputing.com, account: INSTACART-INSTACART, accessUrl: https://INSTACART-INSTACART.snowflakecomputing.com, user: FRANKSU, role: INSTACART_READ_ONLY_ROLE, database: INSTADATA, schema: undefined, warehouse: DEVELOPER_WH, proxy was not configured, password is not provided, region: undefined, authenticator: SNOWFLAKE_JWT, ocsp mode: FAIL_OPEN, os: darwin, os version: 25.2.0"}
{"level":"INFO","message":"[10:41:04.411 AM]: Connection[id: af936444-796a-4413-9a16-1008843cafc5] additional details: passcode in password is provided, passcode is not provided, private key is provided, application: ids-nextjs-medusa-insights, client name: snowflake-sdk, client version: 2.3.5, retry timeout: 300, private key path: undefined, private key pass is not provided, client store temporary credential: false, browser response timeout: 120000"}
{"level":"INFO","message":"[10:41:04.411 AM]: Connection[id: af936444-796a-4413-9a16-1008843cafc5] - connection object created successfully."}
{"level":"INFO","message":"[10:41:04.411 AM]: Connection[id: af936444-796a-4413-9a16-1008843cafc5] - connecting. Associated Snowflake domain: GLOBAL"}
{"level":"INFO","message":"[10:41:04.412 AM]: Connection[id: af936444-796a-4413-9a16-1008843cafc5] - authentication successful using: SNOWFLAKE_JWT"}
{"level":"INFO","message":"[10:41:04.660 AM]: Connection[id: af936444-796a-4413-9a16-1008843cafc5] - connection established successfully after 248.73 milliseconds"}
{"level":"INFO","message":"[10:41:21.185 AM]: Creating new connection object"}
{"level":"INFO","message":"[10:41:21.185 AM]: Creating Connection[id: 36f94951-da33-480e-a871-2e74587cf134] with host: INSTACART-INSTACART.snowflakecomputing.com, account: INSTACART-INSTACART, accessUrl: https://INSTACART-INSTACART.snowflakecomputing.com, user: FRANKSU, role: INSTACART_READ_ONLY_ROLE, database: INSTADATA, schema: undefined, warehouse: DEVELOPER_WH, proxy was not configured, password is not provided, region: undefined, authenticator: SNOWFLAKE_JWT, ocsp mode: FAIL_OPEN, os: darwin, os version: 25.2.0"}
{"level":"INFO","message":"[10:41:21.185 AM]: Connection[id: 36f94951-da33-480e-a871-2e74587cf134] additional details: passcode in password is provided, passcode is not provided, private key is provided, application: ids-nextjs-medusa-insights, client name: snowflake-sdk, client version: 2.3.5, retry timeout: 300, private key path: undefined, private key pass is not provided, client store temporary credential: false, browser response timeout: 120000"}
{"level":"INFO","message":"[10:41:21.185 AM]: Connection[id: 36f94951-da33-480e-a871-2e74587cf134] - connection object created successfully."}
{"level":"INFO","message":"[10:41:21.185 AM]: Connection[id: 36f94951-da33-480e-a871-2e74587cf134] - connecting. Associated Snowflake domain: GLOBAL"}
{"level":"INFO","message":"[10:41:21.187 AM]: Connection[id: 36f94951-da33-480e-a871-2e74587cf134] - authentication successful using: SNOWFLAKE_JWT"}
{"level":"INFO","message":"[10:41:21.433 AM]: Connection[id: 36f94951-da33-480e-a871-2e74587cf134] - connection established successfully after 247.75 milliseconds"}
{"level":"INFO","message":"[10:46:35.849 AM]: Creating new connection object"}
{"level":"INFO","message":"[10:46:35.849 AM]: Creating Connection[id: 6ce9b802-2c7c-438a-84b7-49a45aaa1201] with host: INSTACART-INSTACART.snowflakecomputing.com, account: INSTACART-INSTACART, accessUrl: https://INSTACART-INSTACART.snowflakecomputing.com, user: FRANKSU, role: INSTACART_READ_ONLY_ROLE, database: INSTADATA, schema: undefined, warehouse: DEVELOPER_WH, proxy was not configured, password is not provided, region: undefined, authenticator: SNOWFLAKE_JWT, ocsp mode: FAIL_OPEN, os: darwin, os version: 25.2.0"}
{"level":"INFO","message":"[10:46:35.850 AM]: Connection[id: 6ce9b802-2c7c-438a-84b7-49a45aaa1201] additional details: passcode in password is provided, passcode is not provided, private key is provided, application: ids-nextjs-medusa-insights, client name: snowflake-sdk, client version: 2.3.5, retry timeout: 300, private key path: undefined, private key pass is not provided, client store temporary credential: false, browser response timeout: 120000"}
{"level":"INFO","message":"[10:46:35.850 AM]: Connection[id: 6ce9b802-2c7c-438a-84b7-49a45aaa1201] - connection object created successfully."}
{"level":"INFO","message":"[10:46:35.850 AM]: Connection[id: 6ce9b802-2c7c-438a-84b7-49a45aaa1201] - connecting. Associated Snowflake domain: GLOBAL"}
{"level":"INFO","message":"[10:46:35.851 AM]: Connection[id: 6ce9b802-2c7c-438a-84b7-49a45aaa1201] - authentication successful using: SNOWFLAKE_JWT"}
{"level":"INFO","message":"[10:46:36.264 AM]: Connection[id: 6ce9b802-2c7c-438a-84b7-49a45aaa1201] - connection established successfully after 413.9 milliseconds"}
{"level":"INFO","message":"[10:48:51.561 AM]: Creating new connection object"}
{"level":"INFO","message":"[10:48:51.566 AM]: Creating Connection[id: 14d4a2b2-be6d-4b11-b2d2-1acc06cb9b57] with host: INSTACART-INSTACART.snowflakecomputing.com, account: INSTACART-INSTACART, accessUrl: https://INSTACART-INSTACART.snowflakecomputing.com, user: FRANKSU, role: INSTACART_READ_ONLY_ROLE, database: INSTADATA, schema: undefined, warehouse: DEVELOPER_WH, proxy was not configured, password is not provided, region: undefined, authenticator: SNOWFLAKE_JWT, ocsp mode: FAIL_OPEN, os: darwin, os version: 25.2.0"}
{"level":"INFO","message":"[10:48:51.566 AM]: Connection[id: 14d4a2b2-be6d-4b11-b2d2-1acc06cb9b57] additional details: passcode in password is provided, passcode is not provided, private key is provided, application: ids-nextjs-medusa-insights, client name: snowflake-sdk, client version: 2.3.5, retry timeout: 300, private key path: undefined, private key pass is not provided, client store temporary credential: false, browser response timeout: 120000"}
{"level":"INFO","message":"[10:48:51.566 AM]: Connection[id: 14d4a2b2-be6d-4b11-b2d2-1acc06cb9b57] - connection object created successfully."}
{"level":"INFO","message":"[10:48:51.566 AM]: Connection[id: 14d4a2b2-be6d-4b11-b2d2-1acc06cb9b57] - connecting. Associated Snowflake domain: GLOBAL"}
{"level":"INFO","message":"[10:48:51.568 AM]: Connection[id: 14d4a2b2-be6d-4b11-b2d2-1acc06cb9b57] - authentication successful using: SNOWFLAKE_JWT"}
{"level":"INFO","message":"[10:48:51.569 AM]: Trying to initialize Easy Logging"}
{"level":"INFO","message":"[10:48:51.573 AM]: No client config detected."}
{"level":"INFO","message":"[10:48:51.573 AM]: No config file path found. Client config will not be used."}
{"level":"INFO","message":"[10:48:51.573 AM]: Easy Logging is disabled as no config has been found"}
{"level":"INFO","message":"[10:48:52.094 AM]: Connection[id: 14d4a2b2-be6d-4b11-b2d2-1acc06cb9b57] - connection established successfully after 527.97 milliseconds"}
{"level":"INFO","message":"[10:48:54.608 AM]: Creating new connection object"}
{"level":"INFO","message":"[10:48:54.608 AM]: Creating Connection[id: 6b7c4865-ae32-43ca-97b1-d18df4c6d98a] with host: INSTACART-INSTACART.snowflakecomputing.com, account: INSTACART-INSTACART, accessUrl: https://INSTACART-INSTACART.snowflakecomputing.com, user: FRANKSU, role: INSTACART_READ_ONLY_ROLE, database: INSTADATA, schema: undefined, warehouse: DEVELOPER_WH, proxy was not configured, password is not provided, region: undefined, authenticator: SNOWFLAKE_JWT, ocsp mode: FAIL_OPEN, os: darwin, os version: 25.2.0"}
{"level":"INFO","message":"[10:48:54.608 AM]: Connection[id: 6b7c4865-ae32-43ca-97b1-d18df4c6d98a] additional details: passcode in password is provided, passcode is not provided, private key is provided, application: ids-nextjs-medusa-insights, client name: snowflake-sdk, client version: 2.3.5, retry timeout: 300, private key path: undefined, private key pass is not provided, client store temporary credential: false, browser response timeout: 120000"}
{"level":"INFO","message":"[10:48:54.608 AM]: Connection[id: 6b7c4865-ae32-43ca-97b1-d18df4c6d98a] - connection object created successfully."}
{"level":"INFO","message":"[10:48:54.609 AM]: Connection[id: 6b7c4865-ae32-43ca-97b1-d18df4c6d98a] - connecting. Associated Snowflake domain: GLOBAL"}
{"level":"INFO","message":"[10:48:54.610 AM]: Connection[id: 6b7c4865-ae32-43ca-97b1-d18df4c6d98a] - authentication successful using: SNOWFLAKE_JWT"}
{"level":"INFO","message":"[10:48:54.678 AM]: Creating new connection object"}
{"level":"INFO","message":"[10:48:54.679 AM]: Creating Connection[id: 9f7f850b-208b-4268-905d-3bc0d078d83e] with host: INSTACART-INSTACART.snowflakecomputing.com, account: INSTACART-INSTACART, accessUrl: https://INSTACART-INSTACART.snowflakecomputing.com, user: FRANKSU, role: INSTACART_READ_ONLY_ROLE, database: INSTADATA, schema: undefined, warehouse: DEVELOPER_WH, proxy was not configured, password is not provided, region: undefined, authenticator: SNOWFLAKE_JWT, ocsp mode: FAIL_OPEN, os: darwin, os version: 25.2.0"}
{"level":"INFO","message":"[10:48:54.679 AM]: Connection[id: 9f7f850b-208b-4268-905d-3bc0d078d83e] additional details: passcode in password is provided, passcode is not provided, private key is provided, application: ids-nextjs-medusa-insights, client name: snowflake-sdk, client version: 2.3.5, retry timeout: 300, private key path: undefined, private key pass is not provided, client store temporary credential: false, browser response timeout: 120000"}
{"level":"INFO","message":"[10:48:54.680 AM]: Connection[id: 9f7f850b-208b-4268-905d-3bc0d078d83e] - connection object created successfully."}
{"level":"INFO","message":"[10:48:54.680 AM]: Connection[id: 9f7f850b-208b-4268-905d-3bc0d078d83e] - connecting. Associated Snowflake domain: GLOBAL"}
{"level":"INFO","message":"[10:48:54.681 AM]: Connection[id: 9f7f850b-208b-4268-905d-3bc0d078d83e] - authentication successful using: SNOWFLAKE_JWT"}
{"level":"INFO","message":"[10:48:54.872 AM]: Connection[id: 6b7c4865-ae32-43ca-97b1-d18df4c6d98a] - connection established successfully after 263.88 milliseconds"}
{"level":"INFO","message":"[10:48:54.952 AM]: Connection[id: 9f7f850b-208b-4268-905d-3bc0d078d83e] - connection established successfully after 272.62 milliseconds"}
{"level":"INFO","message":"[10:49:09.782 AM]: Creating new connection object"}
{"level":"INFO","message":"[10:49:09.782 AM]: Creating Connection[id: ff30fca1-6989-400f-8459-f38bf3f07c90] with host: INSTACART-INSTACART.snowflakecomputing.com, account: INSTACART-INSTACART, accessUrl: https://INSTACART-INSTACART.snowflakecomputing.com, user: FRANKSU, role: INSTACART_READ_ONLY_ROLE, database: INSTADATA, schema: undefined, warehouse: DEVELOPER_WH, proxy was not configured, password is not provided, region: undefined, authenticator: SNOWFLAKE_JWT, ocsp mode: FAIL_OPEN, os: darwin, os version: 25.2.0"}
{"level":"INFO","message":"[10:49:09.782 AM]: Connection[id: ff30fca1-6989-400f-8459-f38bf3f07c90] additional details: passcode in password is provided, passcode is not provided, private key is provided, application: ids-nextjs-medusa-insights, client name: snowflake-sdk, client version: 2.3.5, retry timeout: 300, private key path: undefined, private key pass is not provided, client store temporary credential: false, browser response timeout: 120000"}
{"level":"INFO","message":"[10:49:09.782 AM]: Connection[id: ff30fca1-6989-400f-8459-f38bf3f07c90] - connection object created successfully."}
{"level":"INFO","message":"[10:49:09.782 AM]: Connection[id: ff30fca1-6989-400f-8459-f38bf3f07c90] - connecting. Associated Snowflake domain: GLOBAL"}
{"level":"INFO","message":"[10:49:09.784 AM]: Connection[id: ff30fca1-6989-400f-8459-f38bf3f07c90] - authentication successful using: SNOWFLAKE_JWT"}
{"level":"INFO","message":"[10:49:09.842 AM]: Creating new connection object"}
{"level":"INFO","message":"[10:49:09.842 AM]: Creating Connection[id: 20f0be9a-0a76-4d16-91fa-4751ca33f1cd] with host: INSTACART-INSTACART.snowflakecomputing.com, account: INSTACART-INSTACART, accessUrl: https://INSTACART-INSTACART.snowflakecomputing.com, user: FRANKSU, role: INSTACART_READ_ONLY_ROLE, database: INSTADATA, schema: undefined, warehouse: DEVELOPER_WH, proxy was not configured, password is not provided, region: undefined, authenticator: SNOWFLAKE_JWT, ocsp mode: FAIL_OPEN, os: darwin, os version: 25.2.0"}
{"level":"INFO","message":"[10:49:09.843 AM]: Connection[id: 20f0be9a-0a76-4d16-91fa-4751ca33f1cd] additional details: passcode in password is provided, passcode is not provided, private key is provided, application: ids-nextjs-medusa-insights, client name: snowflake-sdk, client version: 2.3.5, retry timeout: 300, private key path: undefined, private key pass is not provided, client store temporary credential: false, browser response timeout: 120000"}
{"level":"INFO","message":"[10:49:09.843 AM]: Connection[id: 20f0be9a-0a76-4d16-91fa-4751ca33f1cd] - connection object created successfully."}
{"level":"INFO","message":"[10:49:09.843 AM]: Connection[id: 20f0be9a-0a76-4d16-91fa-4751ca33f1cd] - connecting. Associated Snowflake domain: GLOBAL"}
{"level":"INFO","message":"[10:49:09.844 AM]: Connection[id: 20f0be9a-0a76-4d16-91fa-4751ca33f1cd] - authentication successful using: SNOWFLAKE_JWT"}
{"level":"INFO","message":"[10:49:10.027 AM]: Connection[id: ff30fca1-6989-400f-8459-f38bf3f07c90] - connection established successfully after 244.04 milliseconds"}
{"level":"INFO","message":"[10:49:10.083 AM]: Connection[id: 20f0be9a-0a76-4d16-91fa-4751ca33f1cd] - connection established successfully after 240.32 milliseconds"}
{"level":"INFO","message":"[10:50:06.688 AM]: Creating new connection object"}
{"level":"INFO","message":"[10:50:06.689 AM]: Creating Connection[id: 69553538-749d-4966-9356-a844a92d9c75] with host: INSTACART-INSTACART.snowflakecomputing.com, account: INSTACART-INSTACART, accessUrl: https://INSTACART-INSTACART.snowflakecomputing.com, user: FRANKSU, role: INSTACART_READ_ONLY_ROLE, database: INSTADATA, schema: undefined, warehouse: DEVELOPER_WH, proxy was not configured, password is not provided, region: undefined, authenticator: SNOWFLAKE_JWT, ocsp mode: FAIL_OPEN, os: darwin, os version: 25.2.0"}
{"level":"INFO","message":"[10:50:06.689 AM]: Connection[id: 69553538-749d-4966-9356-a844a92d9c75] additional details: passcode in password is provided, passcode is not provided, private key is provided, application: ids-nextjs-medusa-insights, client name: snowflake-sdk, client version: 2.3.5, retry timeout: 300, private key path: undefined, private key pass is not provided, client store temporary credential: false, browser response timeout: 120000"}
{"level":"INFO","message":"[10:50:06.689 AM]: Connection[id: 69553538-749d-4966-9356-a844a92d9c75] - connection object created successfully."}
{"level":"INFO","message":"[10:50:06.689 AM]: Connection[id: 69553538-749d-4966-9356-a844a92d9c75] - connecting. Associated Snowflake domain: GLOBAL"}
{"level":"INFO","message":"[10:50:06.691 AM]: Connection[id: 69553538-749d-4966-9356-a844a92d9c75] - authentication successful using: SNOWFLAKE_JWT"}
{"level":"INFO","message":"[10:50:06.922 AM]: Connection[id: 69553538-749d-4966-9356-a844a92d9c75] - connection established successfully after 232.7 milliseconds"}
